#rep1 22:04:32 "HMT|DR2|debut|reps|4|fenetre|30|dist|300|socle|1.10.0-16082026"
22:05:10 "HMT|DR2|rep|1|bras|A0|az|234|tirs|0|t1|-1|vue|1|saitdrone|0|saitgrp|0|saitcamp|0|tirsenn|0|void|0|saitgrp0|0"
22:05:49 "HMT|DR2|rep|1|bras|B|az|234|tirs|60|t1|3.7|vue|1|saitdrone|0|saitgrp|4|saitcamp|4|tirsenn|0|void|0|saitgrp0|0"
#rep2 22:04:32 "HMT|DR2|debut|reps|4|fenetre|30|dist|300|socle|1.10.0-16082026"
22:06:28 "HMT|DR2|rep|2|bras|A0|az|96|tirs|0|t1|-1|vue|0.69|saitdrone|0|saitgrp|0|saitcamp|0|tirsenn|0|void|0|saitgrp0|0"
22:07:06 "HMT|DR2|rep|2|bras|B|az|96|tirs|25|t1|3.8|vue|0.69|saitdrone|0|saitgrp|4|saitcamp|4|tirsenn|0|void|0|saitgrp0|0"
#rep3 22:04:32 "HMT|DR2|debut|reps|4|fenetre|30|dist|300|socle|1.10.0-16082026"
22:07:45 "HMT|DR2|rep|3|bras|A0|az|225|tirs|0|t1|-1|vue|1|saitdrone|0|saitgrp|0|saitcamp|0|tirsenn|0|void|0|saitgrp0|0"
22:08:24 "HMT|DR2|rep|3|bras|B|az|225|tirs|53|t1|2.9|vue|1|saitdrone|0|saitgrp|4|saitcamp|4|tirsenn|0|void|0|saitgrp0|0"
#rep4 22:04:32 "HMT|DR2|debut|reps|4|fenetre|30|dist|300|socle|1.10.0-16082026"
22:09:04 "HMT|DR2|rep|4|bras|A0|az|256|tirs|0|t1|-1|vue|1|saitdrone|0|saitgrp|0|saitcamp|0|tirsenn|0|void|0|saitgrp0|0"
22:09:43 "HMT|DR2|rep|4|bras|B|az|256|tirs|47|t1|3.4|vue|1|saitdrone|0|saitgrp|4|saitcamp|4|tirsenn|0|void|0|saitgrp0|0"
#rep5 22:11:09 "HMT|DR2|debut|reps|4|fenetre|30|dist|300|socle|1.10.0-16082026"
22:11:47 "HMT|DR2|rep|5|bras|A0|az|276|tirs|0|t1|-1|vue|1|saitdrone|0|saitgrp|0|saitcamp|0|tirsenn|0|void|0|saitgrp0|0"
22:12:25 "HMT|DR2|rep|5|bras|B|az|276|tirs|32|t1|3.2|vue|1|saitdrone|0|saitgrp|4|saitcamp|4|tirsenn|0|void|0|saitgrp0|0"
#rep6 22:11:09 "HMT|DR2|debut|reps|4|fenetre|30|dist|300|socle|1.10.0-16082026"
22:13:09 "HMT|DR2|rep|6|bras|A0|az|22|tirs|0|t1|-1|vue|0|saitdrone|0|saitgrp|0|saitcamp|0|tirsenn|0|void|0|saitgrp0|0"
22:13:47 "HMT|DR2|rep|6|bras|B|az|22|tirs|49|t1|3.6|vue|0|saitdrone|0|saitgrp|4|saitcamp|4|tirsenn|0|void|0|saitgrp0|0"
#rep7 22:11:09 "HMT|DR2|debut|reps|4|fenetre|30|dist|300|socle|1.10.0-16082026"
22:14:27 "HMT|DR2|rep|7|bras|A0|az|290|tirs|0|t1|-1|vue|1|saitdrone|0|saitgrp|0|saitcamp|0|tirsenn|0|void|0|saitgrp0|0"
22:15:06 "HMT|DR2|rep|7|bras|B|az|290|tirs|58|t1|3.6|vue|1|saitdrone|0|saitgrp|4|saitcamp|4|tirsenn|0|void|0|saitgrp0|0"
#rep8 22:11:09 "HMT|DR2|debut|reps|4|fenetre|30|dist|300|socle|1.10.0-16082026"
22:15:47 "HMT|DR2|rep|8|bras|A0|az|241|tirs|5|t1|28.4|vue|1|saitdrone|0|saitgrp|2.75|saitcamp|0|tirsenn|0|void|0|saitgrp0|0"
22:16:26 "HMT|DR2|rep|8|bras|B|az|241|tirs|59|t1|2.8|vue|1|saitdrone|0|saitgrp|4|saitcamp|4|tirsenn|0|void|0|saitgrp0|0"
#rep9 22:17:56 "HMT|DR2|debut|reps|4|fenetre|30|dist|300|socle|1.10.0-16082026"
22:18:35 "HMT|DR2|rep|9|bras|A0|az|273|tirs|0|t1|-1|vue|1|saitdrone|0|saitgrp|0|saitcamp|0|tirsenn|0|void|0|saitgrp0|0"
22:19:13 "HMT|DR2|rep|9|bras|B|az|273|tirs|69|t1|2.9|vue|1|saitdrone|0|saitgrp|4|saitcamp|4|tirsenn|0|void|0|saitgrp0|0"
#rep10 22:17:56 "HMT|DR2|debut|reps|4|fenetre|30|dist|300|socle|1.10.0-16082026"
22:19:56 "HMT|DR2|rep|10|bras|A0|az|92|tirs|41|t1|7.3|vue|1|saitdrone|0|saitgrp|3.07|saitcamp|3.07|tirsenn|0|void|0|saitgrp0|0"
22:20:35 "HMT|DR2|rep|10|bras|B|az|92|tirs|58|t1|2.2|vue|1|saitdrone|0|saitgrp|4|saitcamp|4|tirsenn|0|void|0|saitgrp0|0"
#rep11 22:17:56 "HMT|DR2|debut|reps|4|fenetre|30|dist|300|socle|1.10.0-16082026"
22:21:14 "HMT|DR2|rep|11|bras|A0|az|300|tirs|0|t1|-1|vue|1|saitdrone|0|saitgrp|0|saitcamp|0|tirsenn|0|void|0|saitgrp0|0"
22:21:52 "HMT|DR2|rep|11|bras|B|az|300|tirs|67|t1|4.6|vue|1|saitdrone|0|saitgrp|4|saitcamp|4|tirsenn|0|void|0|saitgrp0|0"
#rep12 22:17:56 "HMT|DR2|debut|reps|4|fenetre|30|dist|300|socle|1.10.0-16082026"
22:22:32 "HMT|DR2|rep|12|bras|A0|az|89|tirs|0|t1|-1|vue|1|saitdrone|0|saitgrp|0|saitcamp|0|tirsenn|0|void|0|saitgrp0|0"
22:23:10 "HMT|DR2|rep|12|bras|B|az|89|tirs|45|t1|2.6|vue|1|saitdrone|0|saitgrp|4|saitcamp|4|tirsenn|0|void|0|saitgrp0|0"
#rep13 22:24:41 "HMT|DR2|debut|reps|4|fenetre|30|dist|300|socle|1.10.0-16082026"
22:25:20 "HMT|DR2|rep|13|bras|A0|az|10|tirs|0|t1|-1|vue|1|saitdrone|0|saitgrp|0|saitcamp|0|tirsenn|0|void|0|saitgrp0|0"
22:25:58 "HMT|DR2|rep|13|bras|B|az|10|tirs|72|t1|3.1|vue|1|saitdrone|0|saitgrp|4|saitcamp|4|tirsenn|0|void|0|saitgrp0|0"
#rep14 22:24:41 "HMT|DR2|debut|reps|4|fenetre|30|dist|300|socle|1.10.0-16082026"
22:26:48 "HMT|DR2|rep|14|bras|A0|az|92|tirs|0|t1|-1|vue|1|saitdrone|0|saitgrp|0|saitcamp|0|tirsenn|0|void|0|saitgrp0|0"
22:27:26 "HMT|DR2|rep|14|bras|B|az|92|tirs|29|t1|2.3|vue|1|saitdrone|0|saitgrp|4|saitcamp|4|tirsenn|0|void|0|saitgrp0|0"
#rep15 22:24:41 "HMT|DR2|debut|reps|4|fenetre|30|dist|300|socle|1.10.0-16082026"
22:28:11 "HMT|DR2|rep|15|bras|A0|az|316|tirs|0|t1|-1|vue|0.64|saitdrone|0|saitgrp|0|saitcamp|0|tirsenn|0|void|0|saitgrp0|0"
22:28:49 "HMT|DR2|rep|15|bras|B|az|316|tirs|44|t1|2.9|vue|0.64|saitdrone|0|saitgrp|4|saitcamp|4|tirsenn|0|void|0|saitgrp0|0"
#rep16 22:24:41 "HMT|DR2|debut|reps|4|fenetre|30|dist|300|socle|1.10.0-16082026"
22:29:29 "HMT|DR2|rep|16|bras|A0|az|36|tirs|0|t1|-1|vue|1|saitdrone|0|saitgrp|0|saitcamp|0|tirsenn|0|void|0|saitgrp0|0"
22:30:07 "HMT|DR2|rep|16|bras|B|az|36|tirs|80|t1|2.4|vue|1|saitdrone|0|saitgrp|4|saitcamp|4|tirsenn|0|void|0|saitgrp0|0"
#rep17 22:31:37 "HMT|DR2|debut|reps|4|fenetre|30|dist|300|socle|1.10.0-16082026"
22:32:16 "HMT|DR2|rep|17|bras|A0|az|20|tirs|0|t1|-1|vue|1|saitdrone|0|saitgrp|0|saitcamp|0|tirsenn|0|void|0|saitgrp0|0"
22:32:54 "HMT|DR2|rep|17|bras|B|az|20|tirs|65|t1|4.5|vue|1|saitdrone|0|saitgrp|4|saitcamp|4|tirsenn|0|void|0|saitgrp0|0"
#rep18 22:31:37 "HMT|DR2|debut|reps|4|fenetre|30|dist|300|socle|1.10.0-16082026"
22:33:38 "HMT|DR2|rep|18|bras|A0|az|233|tirs|0|t1|-1|vue|1|saitdrone|0|saitgrp|0|saitcamp|0|tirsenn|0|void|0|saitgrp0|0"
22:34:17 "HMT|DR2|rep|18|bras|B|az|233|tirs|65|t1|3.8|vue|1|saitdrone|0|saitgrp|4|saitcamp|4|tirsenn|0|void|0|saitgrp0|0"
#rep19 22:31:37 "HMT|DR2|debut|reps|4|fenetre|30|dist|300|socle|1.10.0-16082026"
22:34:58 "HMT|DR2|rep|19|bras|A0|az|243|tirs|0|t1|-1|vue|1|saitdrone|0|saitgrp|0|saitcamp|0|tirsenn|0|void|0|saitgrp0|0"
22:35:37 "HMT|DR2|rep|19|bras|B|az|243|tirs|65|t1|3.5|vue|1|saitdrone|0|saitgrp|4|saitcamp|4|tirsenn|0|void|0|saitgrp0|0"
#rep20 22:31:37 "HMT|DR2|debut|reps|4|fenetre|30|dist|300|socle|1.10.0-16082026"
22:36:16 "HMT|DR2|rep|20|bras|A0|az|347|tirs|0|t1|-1|vue|1|saitdrone|0|saitgrp|0|saitcamp|0|tirsenn|0|void|0|saitgrp0|0"
22:36:54 "HMT|DR2|rep|20|bras|B|az|347|tirs|73|t1|1.8|vue|1|saitdrone|0|saitgrp|4|saitcamp|4|tirsenn|0|void|0|saitgrp0|0"
