#rep1 20:18:42 "HMT|DR|debut|reps|1|fenetre|30|dist|300|socle|1.10.0-16082026"
20:19:47 "HMT|DR|rep|1|bras|A0|az|356|tirs|0|t1|-1|vue|1|saitdrone|0|saitgrp|0|saitcamp|0|tirsenn|0|void|0|saitgrp0|0"
20:20:51 "HMT|DR|rep|1|bras|A1|az|356|tirs|0|t1|-1|vue|1|saitdrone|4|saitgrp|0|saitcamp|4|tirsenn|0|void|0|saitgrp0|0"
20:21:54 "HMT|DR|rep|1|bras|B|az|356|tirs|34|t1|4.5|vue|1|saitdrone|2.66|saitgrp|4|saitcamp|4|tirsenn|0|void|0|saitgrp0|0"
#rep2 20:23:26 "HMT|DR|debut|reps|1|fenetre|30|dist|300|socle|1.10.0-16082026"
20:24:31 "HMT|DR|rep|2|bras|A0|az|22|tirs|0|t1|-1|vue|0.04|saitdrone|0|saitgrp|0|saitcamp|0|tirsenn|0|void|0|saitgrp0|0"
20:25:34 "HMT|DR|rep|2|bras|A1|az|22|tirs|0|t1|-1|vue|0.04|saitdrone|0|saitgrp|0|saitcamp|0|tirsenn|0|void|0|saitgrp0|0"
20:26:37 "HMT|DR|rep|2|bras|B|az|22|tirs|94|t1|2.4|vue|0.04|saitdrone|4|saitgrp|4|saitcamp|4|tirsenn|0|void|0|saitgrp0|0"
#rep3 20:28:01 "HMT|DR|debut|reps|1|fenetre|30|dist|300|socle|1.10.0-16082026"
20:29:07 "HMT|DR|rep|3|bras|A0|az|277|tirs|0|t1|-1|vue|1|saitdrone|0|saitgrp|0|saitcamp|0|tirsenn|0|void|0|saitgrp0|0"
20:30:10 "HMT|DR|rep|3|bras|A1|az|277|tirs|1|t1|30.1|vue|1|saitdrone|4|saitgrp|2.82|saitcamp|4|tirsenn|0|void|0|saitgrp0|0"
20:31:13 "HMT|DR|rep|3|bras|B|az|277|tirs|35|t1|1.4|vue|1|saitdrone|4|saitgrp|4|saitcamp|4|tirsenn|0|void|0|saitgrp0|0"
#rep4 20:32:38 "HMT|DR|debut|reps|1|fenetre|30|dist|300|socle|1.10.0-16082026"
20:33:42 "HMT|DR|rep|4|bras|A0|az|22|tirs|0|t1|-1|vue|0.08|saitdrone|0|saitgrp|0|saitcamp|0|tirsenn|0|void|0|saitgrp0|0"
20:34:46 "HMT|DR|rep|4|bras|A1|az|22|tirs|0|t1|-1|vue|0.08|saitdrone|0|saitgrp|0|saitcamp|0|tirsenn|0|void|0|saitgrp0|0"
20:35:49 "HMT|DR|rep|4|bras|B|az|22|tirs|90|t1|2.7|vue|0.08|saitdrone|4|saitgrp|4|saitcamp|4|tirsenn|0|void|0|saitgrp0|0"
#rep5 20:37:13 "HMT|DR|debut|reps|1|fenetre|30|dist|300|socle|1.10.0-16082026"
20:38:15 "HMT|DR|rep|5|bras|A0|az|301|tirs|0|t1|-1|vue|1|saitdrone|0|saitgrp|0|saitcamp|0|tirsenn|0|void|0|saitgrp0|0"
20:39:18 "HMT|DR|rep|5|bras|A1|az|301|tirs|90|t1|0|vue|1|saitdrone|4|saitgrp|2.8|saitcamp|4|tirsenn|0|void|0|saitgrp0|2.8"
20:40:22 "HMT|DR|rep|5|bras|B|az|301|tirs|81|t1|1.3|vue|1|saitdrone|1.54|saitgrp|4|saitcamp|4|tirsenn|0|void|0|saitgrp0|0"
#rep6 20:41:53 "HMT|DR|debut|reps|1|fenetre|30|dist|300|socle|1.10.0-16082026"
20:42:56 "HMT|DR|rep|6|bras|A0|az|274|tirs|0|t1|-1|vue|1|saitdrone|0|saitgrp|0|saitcamp|0|tirsenn|0|void|0|saitgrp0|0"
20:44:00 "HMT|DR|rep|6|bras|A1|az|274|tirs|0|t1|-1|vue|1|saitdrone|4|saitgrp|0|saitcamp|4|tirsenn|0|void|0|saitgrp0|0"
20:45:03 "HMT|DR|rep|6|bras|B|az|274|tirs|69|t1|4.4|vue|1|saitdrone|4|saitgrp|4|saitcamp|4|tirsenn|0|void|0|saitgrp0|0"
#rep7 20:46:29 "HMT|DR|debut|reps|1|fenetre|30|dist|300|socle|1.10.0-16082026"
20:47:32 "HMT|DR|rep|7|bras|A0|az|61|tirs|0|t1|-1|vue|1|saitdrone|0|saitgrp|0|saitcamp|0|tirsenn|0|void|0|saitgrp0|0"
20:48:35 "HMT|DR|rep|7|bras|A1|az|61|tirs|0|t1|-1|vue|1|saitdrone|4|saitgrp|0|saitcamp|4|tirsenn|0|void|0|saitgrp0|0"
20:49:38 "HMT|DR|rep|7|bras|B|az|61|tirs|59|t1|2.3|vue|1|saitdrone|0.95|saitgrp|4|saitcamp|4|tirsenn|0|void|0|saitgrp0|0"
#rep8 20:51:10 "HMT|DR|debut|reps|1|fenetre|30|dist|300|socle|1.10.0-16082026"
20:52:12 "HMT|DR|rep|8|bras|A0|az|255|tirs|0|t1|-1|vue|1|saitdrone|0|saitgrp|0|saitcamp|0|tirsenn|0|void|0|saitgrp0|0"
20:53:16 "HMT|DR|rep|8|bras|A1|az|255|tirs|0|t1|-1|vue|1|saitdrone|0|saitgrp|0|saitcamp|0|tirsenn|0|void|0|saitgrp0|0"
20:54:19 "HMT|DR|rep|8|bras|B|az|255|tirs|74|t1|1.4|vue|1|saitdrone|3.89|saitgrp|4|saitcamp|4|tirsenn|0|void|0|saitgrp0|2.74"
#rep9 20:55:46 "HMT|DR|debut|reps|1|fenetre|30|dist|300|socle|1.10.0-16082026"
20:56:50 "HMT|DR|rep|9|bras|A0|az|57|tirs|62|t1|0.2|vue|1|saitdrone|0|saitgrp|2.97|saitcamp|2.97|tirsenn|0|void|0|saitgrp0|2.97"
20:57:54 "HMT|DR|rep|9|bras|A1|az|57|tirs|0|t1|-1|vue|0.97|saitdrone|2.82|saitgrp|0|saitcamp|2.82|tirsenn|0|void|0|saitgrp0|0"
20:58:57 "HMT|DR|rep|9|bras|B|az|57|tirs|50|t1|1.5|vue|1|saitdrone|4|saitgrp|4|saitcamp|4|tirsenn|0|void|0|saitgrp0|0"
#rep10 21:00:21 "HMT|DR|debut|reps|1|fenetre|30|dist|300|socle|1.10.0-16082026"
21:01:27 "HMT|DR|rep|10|bras|A0|az|348|tirs|0|t1|-1|vue|1|saitdrone|0|saitgrp|0|saitcamp|0|tirsenn|0|void|0|saitgrp0|0"
21:02:30 "HMT|DR|rep|10|bras|A1|az|348|tirs|0|t1|-1|vue|1|saitdrone|4|saitgrp|0|saitcamp|4|tirsenn|0|void|0|saitgrp0|0"
21:03:33 "HMT|DR|rep|10|bras|B|az|348|tirs|78|t1|3.6|vue|1|saitdrone|4|saitgrp|4|saitcamp|4|tirsenn|0|void|0|saitgrp0|0"
#rep11 21:05:07 "HMT|DR|debut|reps|1|fenetre|30|dist|300|socle|1.10.0-16082026"
21:06:13 "HMT|DR|rep|11|bras|A0|az|290|tirs|0|t1|-1|vue|1|saitdrone|0|saitgrp|0|saitcamp|0|tirsenn|0|void|0|saitgrp0|0"
21:07:17 "HMT|DR|rep|11|bras|A1|az|290|tirs|0|t1|-1|vue|1|saitdrone|4|saitgrp|0|saitcamp|4|tirsenn|0|void|0|saitgrp0|0"
21:08:20 "HMT|DR|rep|11|bras|B|az|290|tirs|71|t1|1.8|vue|1|saitdrone|4|saitgrp|4|saitcamp|4|tirsenn|0|void|0|saitgrp0|0"
#rep12 21:09:53 "HMT|DR|debut|reps|1|fenetre|30|dist|300|socle|1.10.0-16082026"
21:10:57 "HMT|DR|rep|12|bras|A0|az|305|tirs|0|t1|-1|vue|1|saitdrone|0|saitgrp|0|saitcamp|0|tirsenn|0|void|0|saitgrp0|0"
21:12:00 "HMT|DR|rep|12|bras|A1|az|305|tirs|0|t1|-1|vue|1|saitdrone|4|saitgrp|0|saitcamp|4|tirsenn|0|void|0|saitgrp0|0"
21:13:03 "HMT|DR|rep|12|bras|B|az|305|tirs|78|t1|3.1|vue|1|saitdrone|2.53|saitgrp|4|saitcamp|4|tirsenn|0|void|0|saitgrp0|0"
#rep13 21:14:28 "HMT|DR|debut|reps|1|fenetre|30|dist|300|socle|1.10.0-16082026"
21:15:31 "HMT|DR|rep|13|bras|A0|az|77|tirs|50|t1|0.1|vue|0.68|saitdrone|0|saitgrp|1.79|saitcamp|1.79|tirsenn|0|void|0|saitgrp0|1.79"
21:16:34 "HMT|DR|rep|13|bras|A1|az|77|tirs|16|t1|0.2|vue|0.68|saitdrone|1.87|saitgrp|2.84|saitcamp|2.84|tirsenn|0|void|0|saitgrp0|1.87"
21:17:37 "HMT|DR|rep|13|bras|B|az|77|tirs|45|t1|2|vue|0.68|saitdrone|4|saitgrp|4|saitcamp|4|tirsenn|0|void|0|saitgrp0|0"
#rep14 21:19:04 "HMT|DR|debut|reps|1|fenetre|30|dist|300|socle|1.10.0-16082026"
21:20:07 "HMT|DR|rep|14|bras|A0|az|289|tirs|0|t1|-1|vue|1|saitdrone|0|saitgrp|0|saitcamp|0|tirsenn|0|void|0|saitgrp0|0"
21:21:10 "HMT|DR|rep|14|bras|A1|az|289|tirs|0|t1|-1|vue|1|saitdrone|4|saitgrp|0|saitcamp|4|tirsenn|0|void|0|saitgrp0|0"
21:22:14 "HMT|DR|rep|14|bras|B|az|289|tirs|48|t1|3.4|vue|1|saitdrone|3.55|saitgrp|4|saitcamp|4|tirsenn|0|void|0|saitgrp0|0"
#rep15 21:23:40 "HMT|DR|debut|reps|1|fenetre|30|dist|300|socle|1.10.0-16082026"
21:24:43 "HMT|DR|rep|15|bras|A0|az|16|tirs|0|t1|-1|vue|1|saitdrone|0|saitgrp|0|saitcamp|0|tirsenn|0|void|0|saitgrp0|0"
21:25:46 "HMT|DR|rep|15|bras|A1|az|16|tirs|0|t1|-1|vue|1|saitdrone|4|saitgrp|0|saitcamp|4|tirsenn|0|void|0|saitgrp0|0"
21:26:49 "HMT|DR|rep|15|bras|B|az|16|tirs|44|t1|2.5|vue|1|saitdrone|4|saitgrp|4|saitcamp|4|tirsenn|0|void|0|saitgrp0|0"
#rep16 21:28:17 "HMT|DR|debut|reps|1|fenetre|30|dist|300|socle|1.10.0-16082026"
21:29:20 "HMT|DR|rep|16|bras|A0|az|268|tirs|0|t1|-1|vue|1|saitdrone|0|saitgrp|0|saitcamp|0|tirsenn|0|void|0|saitgrp0|0"
21:30:24 "HMT|DR|rep|16|bras|A1|az|268|tirs|0|t1|-1|vue|1|saitdrone|0|saitgrp|0|saitcamp|0|tirsenn|0|void|0|saitgrp0|0"
21:31:27 "HMT|DR|rep|16|bras|B|az|268|tirs|59|t1|3.4|vue|1|saitdrone|4|saitgrp|4|saitcamp|4|tirsenn|0|void|0|saitgrp0|0"
#rep17 21:32:51 "HMT|DR|debut|reps|1|fenetre|30|dist|300|socle|1.10.0-16082026"
21:33:53 "HMT|DR|rep|17|bras|A0|az|232|tirs|0|t1|-1|vue|1|saitdrone|0|saitgrp|0|saitcamp|0|tirsenn|0|void|0|saitgrp0|0"
21:34:57 "HMT|DR|rep|17|bras|A1|az|232|tirs|0|t1|-1|vue|1|saitdrone|4|saitgrp|0|saitcamp|4|tirsenn|0|void|0|saitgrp0|0"
21:36:00 "HMT|DR|rep|17|bras|B|az|232|tirs|26|t1|3.5|vue|1|saitdrone|4|saitgrp|4|saitcamp|4|tirsenn|0|void|0|saitgrp0|0"
#rep18 21:37:27 "HMT|DR|debut|reps|1|fenetre|30|dist|300|socle|1.10.0-16082026"
21:38:30 "HMT|DR|rep|18|bras|A0|az|295|tirs|0|t1|-1|vue|1|saitdrone|0|saitgrp|0|saitcamp|0|tirsenn|0|void|0|saitgrp0|0"
21:39:33 "HMT|DR|rep|18|bras|A1|az|295|tirs|0|t1|-1|vue|1|saitdrone|4|saitgrp|0|saitcamp|4|tirsenn|0|void|0|saitgrp0|0"
21:40:37 "HMT|DR|rep|18|bras|B|az|295|tirs|27|t1|3.1|vue|1|saitdrone|4|saitgrp|4|saitcamp|4|tirsenn|0|void|0|saitgrp0|0"
#rep19 21:42:01 "HMT|DR|debut|reps|1|fenetre|30|dist|300|socle|1.10.0-16082026"
21:43:04 "HMT|DR|rep|19|bras|A0|az|235|tirs|69|t1|2.5|vue|1|saitdrone|0|saitgrp|2.75|saitcamp|2.75|tirsenn|0|void|0|saitgrp0|2.7"
21:44:07 "HMT|DR|rep|19|bras|A1|az|235|tirs|67|t1|0|vue|1|saitdrone|4|saitgrp|2.84|saitcamp|4|tirsenn|0|void|0|saitgrp0|2.82"
21:45:10 "HMT|DR|rep|19|bras|B|az|235|tirs|69|t1|4|vue|1|saitdrone|0|saitgrp|4|saitcamp|4|tirsenn|0|void|0|saitgrp0|0"
#rep20 21:46:38 "HMT|DR|debut|reps|1|fenetre|30|dist|300|socle|1.10.0-16082026"
21:47:42 "HMT|DR|rep|20|bras|A0|az|66|tirs|0|t1|-1|vue|0|saitdrone|0|saitgrp|0|saitcamp|0|tirsenn|0|void|0|saitgrp0|0"
21:48:46 "HMT|DR|rep|20|bras|A1|az|66|tirs|0|t1|-1|vue|0|saitdrone|4|saitgrp|0|saitcamp|4|tirsenn|0|void|0|saitgrp0|0"
21:49:49 "HMT|DR|rep|20|bras|B|az|66|tirs|44|t1|4|vue|0|saitdrone|4|saitgrp|4|saitcamp|4|tirsenn|0|void|0|saitgrp0|0"
